
REF:

http://www.thegeekstuff.com/2012/04/route-examples
-----------------------------------------------------
Acer

all packets addressed to 192.168.2.* network will be forwarded via 192.168.2.1 interface
$ route add -net 192.168.2.0 netmask 255.255.255.0 gw 192.168.2.1

all packets addressed to 10.42.0.* network will be forwarded via 10.42.0.1 interface
$ route add -net  10.42.0.0 netmask 255.255.255.0 gw 10.42.0.1

ASSUME:
                                
 edison <------- usb0 -----------> Acer <--- wlan0 
 192.168.2.15          192.168.2.1     10.42.0.1 
 255.255.255.0         255.255.255.0
 192.168.2.1           10.42.0.1


1 SETUP Edison USB0
-------------

1.1 /etc/network/interfaces

# this is for network over usb-ethernet
# works great as point-to-point b/t edison & ubu notebook
# edision J16 <--- usb cable ---> ubu1404
auto usb0
iface usb0 inet static
address 192.168.2.15
netmask 255.255.255.0
gateway 192.168.2.1

1.2 /etc/hosts

127.0.0.1       localhost
#10.0.0.157     ubilinux
192.168.2.15    ubilinux
::1             localhost ip6-localhost ip6-loopback
fe00::0         ip6-localnet
ff00::0         ip6-mcastprefix
ff02::1         ip6-allnodes
ff02::2         ip6-allrouters


1.3 /home/iqdean/.bashrc

export ROS_MASTER_URI=http://localhost:11311
export ROS_IP=192.168.2.15
export ROS_HOSTNAME=192.168.2.15

1.4 /catkin_ws/src/edbot/src/startOdomAsRoot

iqdean@ubilinux:~/catkin_ws/src/edbot/src$ cat startOdomAsRoot 
export PYTHONPATH=$PYTHONPATH:$(dirname $(find /usr/local -name mraa.py))
source /opt/ros/indigo/setup.bash
source /home/iqdean/catkin_ws/devel/setup.bash

# ROS multimachine networking setup for robot side
# roscore is running on the robot
export ROS_MASTER_URI=http://localhost:11311
export ROS_IP=192.168.2.15
export ROS_HOSTNAME=192.168.2.15


2 SETUP Acer USB0
---------------

2.1 /etc/NetworkManager/NetworkManager.conf    <-- DEFAULT FILE, no changes

iqdean@iqdean-Peppy:~$ cat /etc/NetworkManager/NetworkManager.conf 
[main]
plugins=ifupdown,keyfile,ofono
dns=dnsmasq

[ifupdown]
managed=false

2.2 /etc/network/interfaces

# interfaces(5) file used by ifup(8) and ifdown(8)
auto lo
iface lo inet loopback

allow-hotplug usb0
iface usb0 inet static
address 192.168.2.1  
netmask 255.255.255.0
gateway 10.42.0.1

2.3 /home/iqdean/.bashrc

# ROS multimachine networking setup
# roscore is running on robot, this is the workstation side
export ROS_MASTER_URI=http://192.168.2.15:11311
export ROS_IP=192.168.2.1
export ROS_HOSTNAME=192.168.2.1

--- verify edison <--- usb0 ---> acer720 link works  OK

3 On Acer, make wlan0 a hotspot
-----------------------------
Network Manager Icon > Wifi Settings > Wireless > Use as Hotspot > Turn On
Netowork Name: iqdean-Peppy
Securty Type:  WEP
Security Key:  72885c773d

iqdean@iqdean-Peppy:~$ ifconfig
lo        Link encap:Local Loopback  
          inet addr:127.0.0.1  Mask:255.0.0.0
          inet6 addr: ::1/128 Scope:Host
          UP LOOPBACK RUNNING  MTU:65536  Metric:1
          RX packets:541 errors:0 dropped:0 overruns:0 frame:0
          TX packets:541 errors:0 dropped:0 overruns:0 carrier:0
          collisions:0 txqueuelen:0 
          RX bytes:45218 (45.2 KB)  TX bytes:45218 (45.2 KB)

usb0      Link encap:Ethernet  HWaddr 7e:0d:4a:24:45:da  
          inet addr:192.168.2.1  Bcast:192.168.2.255  Mask:255.255.255.0
          inet6 addr: fe80::7c0d:4aff:fe24:45da/64 Scope:Link
          UP BROADCAST RUNNING MULTICAST  MTU:1500  Metric:1
          RX packets:272 errors:0 dropped:0 overruns:0 frame:0
          TX packets:179 errors:0 dropped:0 overruns:0 carrier:0
          collisions:0 txqueuelen:1000 
          RX bytes:28579 (28.5 KB)  TX bytes:21222 (21.2 KB)

wlan0     Link encap:Ethernet  HWaddr 48:5a:b6:c4:41:af  
          inet addr:10.42.0.1  Bcast:10.42.0.255  Mask:255.255.255.0
          inet6 addr: fe80::4a5a:b6ff:fec4:41af/64 Scope:Link
          UP BROADCAST RUNNING MULTICAST  MTU:1500  Metric:1
          RX packets:536 errors:0 dropped:0 overruns:0 frame:0
          TX packets:399 errors:0 dropped:0 overruns:0 carrier:0
          collisions:0 txqueuelen:1000 
          RX bytes:78320 (78.3 KB)  TX bytes:66676 (66.6 KB)


iqdean@iqdean-Peppy:~$ route -e
Kernel IP routing table
Destination     Gateway         Genmask         Flags   MSS Window  irtt Iface
10.42.0.0       *               255.255.255.0   U         0 0          0 wlan0
192.168.2.0     *               255.255.255.0   U         0 0          0 usb0


4 On HP DM4, connect to Hotspot on Acer  (use Network Manager, select wifi network ssid, add pw, connect)
---------------------------------------
HP DM4 gets asssigned IP = 10.42.0.71 by Acer720 Hotspot

$ ping 10.42.0.1        WORKS
$ ping 192.168.2.15     WORKS!!!   
$ ping 192.168.2.1      WORKS!!!

HMM, it appears the routes get added automatically IF YOU GET THE GATEWAY SETTINGS CORRECT
on the multiple adapters... BEFORE I WAS IGNORING THE GATEWAY SETTINGS OR NOT SETTING CORRECTLY
SO the rosmaster on edison (192.168.2.15) wasn't reachable from HP Notebook, now with the above
setup everything appears to work fine

 edison <------- usb0 -----------> Acer <--- wlan0 
 192.168.2.15          192.168.2.1     10.42.0.1 
 255.255.255.0         255.255.255.0
 192.168.2.1           10.42.0.1
   \___ this won't chg      \___ this needs to change to match wlan0 ip address 
        as long ip on            Ex1: switch off hotpspot
        acer side stays               switch on  home wifi
        the same

Ex1: 
On Edison, $ sudo ifdown wlan0   <- disconnect wifi on edison and see if we can get at internet via
                                    usb0 thru acer to home wifi connection


edison <------- usb0 -----------> Acer <--- wlan0 
 192.168.2.15          192.168.2.1     10.0.0.53 
 255.255.255.0         255.255.255.0
 192.168.2.1           10.42.0.1
                           \___ 
                            Ex1.1: switch off hotpspot, switch on home wifi
                                   wlan0 ip changes but don't change gw on 192.168.2.1
From Edsion
$ ping 10.0.0.53  works
$ ping 10.0.0.1   doesn't work

Now change the gateway on Acer from 192.168.2.1 to 10.0.0.53

edison <------- usb0 -----------> Acer <--- wlan0 
 192.168.2.15          192.168.2.1     10.0.0.53 
 255.255.255.0         255.255.255.0
 192.168.2.1           10.0.0.53

From edison:
$ ping 10.0.0.53 works
$ ping 10.0.0.1  doesn't work 

Now change the gateway on Acer from 10.0.0.53 to 10.0.0.1

edison <------- usb0 -----------> Acer <--- wlan0 
 192.168.2.15          192.168.2.1     10.0.0.53 
 255.255.255.0         255.255.255.0
 192.168.2.1           10.0.0.1

iqdean@ubilinux:~$ route -n
Kernel IP routing table
Destination     Gateway         Genmask         Flags Metric Ref    Use Iface
0.0.0.0         192.168.2.1     0.0.0.0         UG    0      0        0 usb0
10.0.0.0        0.0.0.0         255.255.255.0   U     0      0        0 wlan0
192.168.2.0     0.0.0.0         255.255.255.0   U     0      0        0 usb0



4.1 Install ROS Indigo on HP DM4 so we can see if RVIZ works over robot wifi


    
